// Jest Snapshot v1, https://goo.gl/fbAQLP

exports[`renders ArticleDetail component correctly 1`] = `
<article-detail
  class="your-class-name"
  data-testid="articleDetail"
  text="Your preview text goes here."
/>
`;
