// Jest Snapshot v1, https://goo.gl/fbAQLP

exports[`renders ArticleSource component correctly 1`] = `
<article-source
  class="your-class-name"
  text="your-text"
/>
`;
